/Users/mateusz/Documents/praca_mgr/scripts/.venv/lib/python3.13/site-packages/xgboost/training.py:200: UserWarning: [13:31:44] WARNING: /Users/runner/work/xgboost/xgboost/src/learner.cc:782: 
Parameters: { "use_label_encoder" } are not used.

  bst.update(dtrain, iteration=i, fobj=obj)
/Users/mateusz/Documents/praca_mgr/scripts/.venv/lib/python3.13/site-packages/xgboost/training.py:200: UserWarning: [13:44:41] WARNING: /Users/runner/work/xgboost/xgboost/src/learner.cc:782: 
Parameters: { "use_label_encoder" } are not used.

  bst.update(dtrain, iteration=i, fobj=obj)
/Users/mateusz/Documents/praca_mgr/scripts/.venv/lib/python3.13/site-packages/xgboost/training.py:200: UserWarning: [13:44:42] WARNING: /Users/runner/work/xgboost/xgboost/src/learner.cc:782: 
Parameters: { "use_label_encoder" } are not used.

  bst.update(dtrain, iteration=i, fobj=obj)
/Users/mateusz/Documents/praca_mgr/scripts/.venv/lib/python3.13/site-packages/xgboost/training.py:200: UserWarning: [13:44:42] WARNING: /Users/runner/work/xgboost/xgboost/src/learner.cc:782: 
Parameters: { "use_label_encoder" } are not used.

  bst.update(dtrain, iteration=i, fobj=obj)
/Users/mateusz/Documents/praca_mgr/scripts/.venv/lib/python3.13/site-packages/xgboost/training.py:200: UserWarning: [13:44:43] WARNING: /Users/runner/work/xgboost/xgboost/src/learner.cc:782: 
Parameters: { "use_label_encoder" } are not used.

  bst.update(dtrain, iteration=i, fobj=obj)
/Users/mateusz/Documents/praca_mgr/scripts/.venv/lib/python3.13/site-packages/xgboost/training.py:200: UserWarning: [13:44:44] WARNING: /Users/runner/work/xgboost/xgboost/src/learner.cc:782: 
Parameters: { "use_label_encoder" } are not used.

  bst.update(dtrain, iteration=i, fobj=obj)
===== Logistic Regression =====
Train metrics: acc=0.8427, prec=0.8621, rec=0.8819, f1=0.8719
Test metrics:  acc=0.8407, prec=0.8617, rec=0.8785, f1=0.8700
              precision    recall  f1-score   support

           0       0.81      0.78      0.79     10533
           1       0.86      0.88      0.87     16253

    accuracy                           0.84     26786
   macro avg       0.83      0.83      0.83     26786
weighted avg       0.84      0.84      0.84     26786

===== Random Forest =====
Train metrics: acc=0.9485, prec=0.9496, rec=0.9664, f1=0.9579
Test metrics:  acc=0.9458, prec=0.9458, rec=0.9660, f1=0.9558
              precision    recall  f1-score   support

           0       0.95      0.91      0.93     10533
           1       0.95      0.97      0.96     16253

    accuracy                           0.95     26786
   macro avg       0.95      0.94      0.94     26786
weighted avg       0.95      0.95      0.95     26786

===== XGBoost =====
Train metrics: acc=0.9473, prec=0.9501, rec=0.9638, f1=0.9569
Test metrics:  acc=0.9461, prec=0.9474, rec=0.9647, f1=0.9560
              precision    recall  f1-score   support

           0       0.94      0.92      0.93     10533
           1       0.95      0.96      0.96     16253

    accuracy                           0.95     26786
   macro avg       0.95      0.94      0.94     26786
weighted avg       0.95      0.95      0.95     26786

===== SVM (RBF) =====
Train metrics: acc=0.8693, prec=0.9774, rec=0.8031, f1=0.8817
Test metrics:  acc=0.8663, prec=0.9798, rec=0.7961, f1=0.8784
              precision    recall  f1-score   support

           0       0.76      0.97      0.85     10533
           1       0.98      0.80      0.88     16253

    accuracy                           0.87     26786
   macro avg       0.87      0.89      0.86     26786
weighted avg       0.89      0.87      0.87     26786

===== MLP Classifier =====
Train metrics: acc=0.8968, prec=0.9613, rec=0.8647, f1=0.9105
Test metrics:  acc=0.8932, prec=0.9607, rec=0.8592, f1=0.9071
              precision    recall  f1-score   support

           0       0.81      0.95      0.87     10533
           1       0.96      0.86      0.91     16253

    accuracy                           0.89     26786
   macro avg       0.89      0.90      0.89     26786
weighted avg       0.90      0.89      0.89     26786

===== Overfitting Report (compact) =====
              model  train_acc  test_acc  train_precision  test_precision  train_recall  test_recall  train_f1  test_f1  f1_gap_train_minus_test  cv_acc_mean  cv_acc_std  cv_precision_mean  cv_precision_std  cv_recall_mean  cv_recall_std  cv_f1_mean  cv_f1_std
            XGBoost     0.9473    0.9461           0.9501          0.9474        0.9638       0.9647    0.9569   0.9560                   0.0009       0.9461      0.0021             0.9491            0.0018          0.9629         0.0023      0.9559     0.0017
      Random Forest     0.9485    0.9458           0.9496          0.9458        0.9664       0.9660    0.9579   0.9558                   0.0021       0.9455      0.0019             0.9494            0.0020          0.9614         0.0022      0.9553     0.0016
     MLP Classifier     0.8968    0.8932           0.9613          0.9607        0.8647       0.8592    0.9105   0.9071                   0.0034       0.9061      0.0183             0.9628            0.0095          0.8797         0.0416      0.9186     0.0173
          SVM (RBF)     0.8693    0.8663           0.9774          0.9798        0.8031       0.7961    0.8817   0.8784                   0.0033       0.8818      0.0250             0.9722            0.0119          0.8298         0.0544      0.8941     0.0247
Logistic Regression     0.8427    0.8407           0.8621          0.8617        0.8819       0.8785    0.8719   0.8700                   0.0019       0.8580      0.0294             0.8757            0.0261          0.8928         0.0215      0.8842     0.0238
Saved overfitting report to: dga_overfitting_report.csv
===== Feature Importance =====
vowel_consonant_ratio                                  0.379762
domain_length                                          0.245180
entropy                                                0.112995
domain_num_of_unique_letters                           0.108503
domain_num_of_unique_char                              0.098552
ratio_of_letters_of_domain_name                        0.018646
domain_num_of_unique_numbers                           0.014154
dict_ratio                                             0.013079
ratio_of_numbers_of_domain_name                        0.005580
ratio_of_unique_letters_to_num_of_unique_characters    0.002349
ratio_of_unique_numbers_to_num_of_unique_characters    0.001201
dtype: float64
Saved: dga_logistic_model.pkl, dga_random_forest_model.pkl, dga_xgboost_model.pkl, dga_svm_model.pkl, dga_mlp_model.pkl
